// Jest Snapshot v1, https://goo.gl/fbAQLP

exports[`Pruebas en CounterApp Debe hacer match con el snapshot 1`] = `
<div>
  <div>
    CounterApp
  </div>
  <h2>
    100
  </h2>
  <button
    class="AddButton"
  >
    -1
  </button>
  <button
    aria-label="btn-reset"
    class="ResetButton"
  >
    Reset
  </button>
  <button
    class="SubtractButton"
  >
    +1
  </button>
</div>
`;
