// Jest Snapshot v1, https://goo.gl/fbAQLP

exports[`Pruebas en FirstApp Debe de hacer match con el snapshot 1`] = `
<div>
  <h1>
    Hola mundo
  </h1>
  <h2>
    Soy un subtitulo
  </h2>
  <h3>
    Clevers Arnez
  </h3>
</div>
`;
